// Jest Snapshot v1, https://goo.gl/fbAQLP

exports[`Collection List tests Collection List renders correctly 1`] = `
<section
  className="settings_body"
>
  <div>
    <p
      id="nothing_message"
    >
      You don't have any collections!
      <br />
      <img
        alt="desert scene"
        className="no_contant_image"
        src="images/desert.png"
      />
      <br />
      Add the current tabs or import a collection from file.
    </p>
  </div>
</section>
`;
